
> react-kavia@0.1.0 start
> cross-env EDIT_MODE=true webpack serve --config .ve/webpack.config.js --mode development

<i> [webpack-dev-server] Project is running at:
<i> [webpack-dev-server] Loopback: http://localhost:3000/, http://[::1]:3000/
<i> [webpack-dev-server] On Your Network (IPv4): http://172.17.0.2:3000/
<i> [webpack-dev-server] Content not from webpack is served from './public' directory
Injecting EditorRootWrapper import: ../.ve/EditorRootWrapper
asset bundle.js 1.47 MiB [emitted] (name: main)
asset index.html 792 bytes [emitted]
runtime modules 27.5 KiB 14 modules
modules by path ./node_modules/ 1.24 MiB 31 modules
modules by path ./src/ 76.2 KiB
  modules by path ./src/*.css 14.8 KiB 4 modules
  modules by path ./src/*.js 37.2 KiB 3 modules
  modules by path ./src/components/*.js 24.2 KiB
    ./src/components/MainContainer.js 22 KiB [built] [code generated]
    ./src/components/MapView.js 2.2 KiB [built] [code generated]
modules by path ./.ve/ 15.1 KiB
  modules by path ./.ve/*.js 10.6 KiB 2 modules
  modules by path ./.ve/*.css 2.93 KiB
    ./.ve/EditorOverlay.css 2.25 KiB [built] [code generated]
    ./node_modules/css-loader/dist/cjs.js!./.ve/EditorOverlay.css 697 bytes [built] [code generated]
  ./.ve/EditorOverlay.jsx 1.58 KiB [built] [code generated]
webpack 5.99.9 compiled successfully in 1323 ms
assets by status 792 bytes [cached] 1 asset
assets by path *.js 1.48 MiB
  asset bundle.js 1.47 MiB [emitted] (name: main)
  asset main.ae947b4ddd8a68c38c39.hot-update.js 7.21 KiB [emitted] [immutable] [hmr] (name: main)
asset main.ae947b4ddd8a68c38c39.hot-update.json 28 bytes [emitted] [immutable] [hmr]
Entrypoint main 1.48 MiB = bundle.js 1.47 MiB main.ae947b4ddd8a68c38c39.hot-update.js 7.21 KiB
cached modules 1.33 MiB [cached] 44 modules
runtime modules 27.5 KiB 14 modules
./src/components/MapView.js 4.8 KiB [built] [code generated]
webpack 5.99.9 compiled successfully in 104 ms
